{
  "input": {
    "componentid": 1,
    "message": "test",
    "type": "invalid",
    "canary": "false"
  },
  "expected": {}
}
