{
  "input": {
    "componentid": 1,
    "message": "test",
    "type": "deployment",
    "canary": "false"
  },
  "expected": {
    "data": {
      "payload": {
        "message": "test"
      },
      "sourceEventID": "65f77048-e68a-49c6-bb68-aadeedb4efe4",
      "type": "deployment",
      "startTime": "2025-02-26T13:50:20.386Z",
      "componentID": 1
    },
    "options": {
      "Authorization": "Bearer token"
    }
  }
}
